// Jest Snapshot v1, https://goo.gl/fbAQLP

exports[`Diversification component renders Diversification 1`] = `<Fragment />`;
