// Jest Snapshot v1, https://goo.gl/fbAQLP

exports[`AssetList component renders AssetList 1`] = `
<ul
  className="AssetList"
/>
`;
