// Jest Snapshot v1, https://goo.gl/fbAQLP

exports[`UserForm component renders UserForm 1`] = `
<ContextProvider
  value={
    Object {
      "store": Object {
        "dispatch": [Function],
        "getState": [Function],
        "replaceReducer": [Function],
        "subscribe": [Function],
        Symbol(observable): [Function],
      },
      "subscription": Subscription {
        "handleChangeWrapper": [Function],
        "listeners": Object {
          "notify": [Function],
        },
        "onStateChange": [Function],
        "parentSub": undefined,
        "store": Object {
          "dispatch": [Function],
          "getState": [Function],
          "replaceReducer": [Function],
          "subscribe": [Function],
          Symbol(observable): [Function],
        },
        "unsubscribe": null,
      },
    }
  }
>
  <UserForm
    buttonText="test"
    error="test"
    handleClearError={[Function]}
    handleSubmit={[Function]}
    redirectLink="test"
    redirectText="test"
  />
</ContextProvider>
`;
