// Jest Snapshot v1, https://goo.gl/fbAQLP

exports[`AboutUsItem component renders AboutUsItem 1`] = `
<div>
  <h1>
    test
  </h1>
  <h2>
    Spirit Animal: 
    test
  </h2>
  <img
    alt="test"
    src="test"
  />
  <p>
    test
  </p>
</div>
`;
